[INFO][AppLauncher]: Using device: cuda:0
[INFO][AppLauncher]: Loading experience file: /root/miniconda3/envs/isaac_arm/lib/python3.11/site-packages/isaaclab/apps/isaaclab.python.headless.rendering.kit
Loading user config located at: '/root/miniconda3/envs/isaac_arm/lib/python3.11/site-packages/isaacsim/kit/data/Kit/Isaac-Sim/5.1/user.config.json'
[Info] [carb] Logging to file: /root/miniconda3/envs/isaac_arm/lib/python3.11/site-packages/isaacsim/kit/logs/Kit/Isaac-Sim/5.1/kit_20260603_030004.log
2026-06-03T03:00:04Z [246ms] [Warning] [carb.windowing-glfw.plugin] GLFW initialization failed.
2026-06-03T03:00:04Z [246ms] [Warning] [carb] Failed to startup plugin carb.windowing-glfw.plugin (interfaces: [carb::windowing::IGLContext v1.0],[carb::windowing::IWindowing v1.5]) (impl: carb.windowing-glfw.plugin)
2026-06-03T03:00:04Z [290ms] [Warning] [omni.platforminfo.plugin] failed to open the default display.  Can't verify X Server version.
2026-06-03T03:00:04Z [627ms] [Warning] [carb.windowing-glfw.plugin] GLFW initialization failed.
2026-06-03T03:00:04Z [627ms] [Warning] [carb] Failed to startup plugin carb.windowing-glfw.plugin (interfaces: [carb::windowing::IGLContext v1.0],[carb::windowing::IWindowing v1.5]) (impl: carb.windowing-glfw.plugin)

|---------------------------------------------------------------------------------------------|
| Driver Version: 580.105.08    | Graphics API: Vulkan
|=============================================================================================|
| GPU | Name                             | Active | LDA | GPU Memory | Vendor-ID | LUID       |
|     |                                  |        |     |            | Device-ID | UUID       |
|     |                                  |        |     |            | Bus-ID    |            |
|---------------------------------------------------------------------------------------------|
| 0   | NVIDIA GeForce RTX 3090          | Yes: 0 |     | 24822   MB | 10de      | 0          |
|     |                                  |        |     |            | 2204      | 89a270d8.. |
|     |                                  |        |     |            | 0         |            |
|---------------------------------------------------------------------------------------------|
| 1   | NVIDIA GeForce RTX 3090          |        |     | 24822   MB | 10de      | 0          |
|     |                                  |        |     |            | 2204      | 89a270d8.. |
|     |                                  |        |     |            | 0         |            |
|=============================================================================================|
| OS: 22.04.5 LTS (Jammy Jellyfish) ubuntu, Version: 22.04.5, Kernel: 6.8.0-87-generic
| Processor: Intel(R) Xeon(R) W-2133 CPU @ 3.60GHz
| Cores: 11 | Logical Cores: 11
|---------------------------------------------------------------------------------------------|
| Total Memory (MB): 202404 | Free Memory: 195408
| Total Page/Swap (MB): 0 | Free Page/Swap: 0
|---------------------------------------------------------------------------------------------|
2026-06-03T03:00:06Z [2,263ms] [Warning] [carb.windowing-glfw.plugin] GLFW initialization failed.
2026-06-03T03:00:06Z [2,263ms] [Warning] [carb] Failed to startup plugin carb.windowing-glfw.plugin (interfaces: [carb::windowing::IGLContext v1.0],[carb::windowing::IWindowing v1.5]) (impl: carb.windowing-glfw.plugin)
2026-06-03T03:00:06Z [2,290ms] [Warning] [carb.windowing-glfw.plugin] GLFW initialization failed.
2026-06-03T03:00:06Z [2,290ms] [Warning] [carb] Failed to startup plugin carb.windowing-glfw.plugin (interfaces: [carb::windowing::IGLContext v1.0],[carb::windowing::IWindowing v1.5]) (impl: carb.windowing-glfw.plugin)
2026-06-03T03:00:06Z [2,301ms] [Warning] [carb.windowing-glfw.plugin] GLFW initialization failed.
2026-06-03T03:00:06Z [2,301ms] [Warning] [carb] Failed to startup plugin carb.windowing-glfw.plugin (interfaces: [carb::windowing::IGLContext v1.0],[carb::windowing::IWindowing v1.5]) (impl: carb.windowing-glfw.plugin)
2026-06-03T03:00:06Z [2,314ms] [Warning] [carb.windowing-glfw.plugin] GLFW initialization failed.
2026-06-03T03:00:06Z [2,315ms] [Warning] [carb] Failed to startup plugin carb.windowing-glfw.plugin (interfaces: [carb::windowing::IGLContext v1.0],[carb::windowing::IWindowing v1.5]) (impl: carb.windowing-glfw.plugin)
2026-06-03T03:00:06Z [2,317ms] [Warning] [carb.windowing-glfw.plugin] GLFW initialization failed.
2026-06-03T03:00:06Z [2,317ms] [Warning] [carb] Failed to startup plugin carb.windowing-glfw.plugin (interfaces: [carb::windowing::IGLContext v1.0],[carb::windowing::IWindowing v1.5]) (impl: carb.windowing-glfw.plugin)
2026-06-03T03:00:06Z [2,319ms] [Warning] [carb.windowing-glfw.plugin] GLFW initialization failed.
2026-06-03T03:00:06Z [2,319ms] [Warning] [carb] Failed to startup plugin carb.windowing-glfw.plugin (interfaces: [carb::windowing::IGLContext v1.0],[carb::windowing::IWindowing v1.5]) (impl: carb.windowing-glfw.plugin)
2026-06-03T03:00:07Z [2,682ms] [Warning] [omni.log] Source: omni.hydra was already registered.
2026-06-03T03:00:07Z [3,304ms] [Warning] [carb] Acquiring non optional plugin interface which is not listed as dependency: [omni::physx::IPhysxBenchmarks v1.0] (plugin: <default plugin>), by client: omni.physics.physx.plugin. Add it to CARB_PLUGIN_IMPL_DEPS() macro of a client.
2026-06-03T03:00:07Z [3,341ms] [Warning] [omni.isaac.dynamic_control] omni.isaac.dynamic_control is deprecated as of Isaac Sim 4.5. No action is needed from end-users.
2026-06-03T03:00:08Z [4,284ms] [Warning] [pxr.Semantics] pxr.Semantics is deprecated - please use Semantics instead
2026-06-03T03:00:08Z [4,435ms] [Warning] [omni.graph.core.plugin] Found duplicate of category 'Replicator' - was 'Annotators', adding 'Fabric Reader'
2026-06-03T03:00:08Z [4,435ms] [Warning] [omni.graph.core.plugin] Category 'Replicator' not accepted on node type 'omni.replicator.core.FabricReader' in extension 'omni.replicator.core'
2026-06-03T03:00:08Z [4,446ms] [Warning] [omni.replicator.core.scripts.extension] No material configuration file, adding configuration to material settings directly.
2026-06-03T03:00:14Z [10,099ms] [Warning] [omni.fabric.plugin] Warning: attribute viewportHandle not found for bucket id 7

[INFO]: Parsing configuration from: isaaclab_tasks.manager_based.manipulation.lift.config.franka.ik_rel_env_cfg:FrankaCubeLiftEnvCfg
2026-06-03T03:00:14Z [10,665ms] [Warning] [isaaclab.envs.manager_based_env] Seed not set for the environment. The environment creation may not be deterministic.

[36m======================================================================================[0m
[36m[1m[INFO][IsaacLab]: Logging to file: /tmp/isaaclab/logs/isaaclab_2026-06-03_03-00-14.log[0m
[36m======================================================================================[0m

[33m03:00:15 [simulation_context.py] WARNING: The `enable_external_forces_every_iteration` parameter in the PhysxCfg is set to False. If you are experiencing noisy velocities, consider enabling this flag. You may need to slightly increase the number of velocity iterations (setting it to 1 or 2 rather than 0), together with this flag, to improve the accuracy of velocity updates.[0m
[INFO]: Base environment:
	Environment device    : cuda:0
	Environment seed      : None
	Physics step-size     : 0.01
	Rendering step-size   : 0.02
	Environment step-size : 0.02
[INFO]: Time taken for scene creation : 1.350589 seconds
[INFO]: Scene manager:  <class InteractiveScene>
	Number of environments: 1
	Environment spacing   : 2.5
	Source prim name      : /World/envs/env_0
	Global prim paths     : []
	Replicate physics     : True
[INFO]: Starting the simulation. This may take a few seconds. Please wait...
2026-06-03T03:00:19Z [14,746ms] [Warning] [rtx.postprocessing.plugin] DLSS increasing input dimensions: Render resolution of (232, 232) is below minimal input resolution of 300.
[INFO]: Time taken for simulation start : 2.880538 seconds
[INFO] Command Manager:  <CommandManager> contains 1 active terms.
+------------------------------------------+
|           Active Command Terms           |
+-------+-------------+--------------------+
| Index | Name        |        Type        |
+-------+-------------+--------------------+
|   0   | object_pose | UniformPoseCommand |
+-------+-------------+--------------------+

[INFO] Event Manager:  <EventManager> contains 1 active terms.
+--------------------------------------+
| Active Event Terms in Mode: 'reset'  |
+---------+----------------------------+
|  Index  | Name                       |
+---------+----------------------------+
|    0    | reset_all                  |
|    1    | reset_object_position      |
+---------+----------------------------+

[INFO] Recorder Manager:  <RecorderManager> contains 0 active terms.
+---------------------+
| Active Recorder Terms |
+-----------+---------+
|   Index   | Name    |
+-----------+---------+
+-----------+---------+

[INFO] Action Manager:  <ActionManager> contains 2 active terms.
+------------------------------------+
|   Active Action Terms (shape: 7)   |
+-------+----------------+-----------+
| Index | Name           | Dimension |
+-------+----------------+-----------+
|   0   | arm_action     |         6 |
|   1   | gripper_action |         1 |
+-------+----------------+-----------+

[INFO] Observation Manager: <ObservationManager> contains 2 groups.
+------------------------------------------------+
|  Active Observation Terms in Group: 'policy'   |
+--------+----------------------+----------------+
| Index  | Name                 |     Shape      |
+--------+----------------------+----------------+
|   0    | wrist_rgb            | (400, 400, 3)  |
|   1    | arm_joint_pos_rel    |      (7,)      |
|   2    | arm_joint_vel_rel    |      (7,)      |
|   3    | gripper_finger_pos   |      (2,)      |
|   4    | gripper_finger_vel   |      (2,)      |
|   5    | ee_pos_base          |      (3,)      |
|   6    | cube_pos_base        |      (3,)      |
|   7    | target_pos_base      |      (3,)      |
|   8    | previous_action      |      (7,)      |
+--------+----------------------+----------------+
+---------------------------------------------+
|  Active Observation Terms in Group: 'debug' |
+---------+--------------+--------------------+
|  Index  | Name         |       Shape        |
+---------+--------------+--------------------+
|    0    | table_rgb    |   (720, 1280, 3)   |
+---------+--------------+--------------------+

[INFO] Termination Manager:  <TerminationManager> contains 2 active terms.
+------------------------------------+
|      Active Termination Terms      |
+-------+-----------------+----------+
| Index | Name            | Time Out |
+-------+-----------------+----------+
|   0   | time_out        |   True   |
|   1   | object_dropping |  False   |
+-------+-----------------+----------+

[INFO] Reward Manager:  <RewardManager> contains 6 active terms.
+-----------------------------------------------------+
|                 Active Reward Terms                 |
+-------+-----------------------------------+---------+
| Index | Name                              |  Weight |
+-------+-----------------------------------+---------+
|   0   | reaching_object                   |     1.0 |
|   1   | lifting_object                    |    15.0 |
|   2   | object_goal_tracking              |    16.0 |
|   3   | object_goal_tracking_fine_grained |     5.0 |
|   4   | action_rate                       | -0.0001 |
|   5   | joint_vel                         | -0.0001 |
+-------+-----------------------------------+---------+

[INFO] Curriculum Manager:  <CurriculumManager> contains 2 active terms.
+--------------------------+
| Active Curriculum Terms  |
+---------+----------------+
|  Index  | Name           |
+---------+----------------+
|    0    | action_rate    |
|    1    | joint_vel      |
+---------+----------------+

[INFO]: Completed setting up the environment...
2026-06-03T03:00:23Z [19,267ms] [Warning] [carb] Client gpu.foundation.plugin has acquired [gpu::unstable::IMemoryBudgetManagerFactory v0.1] 100 times. Consider accessing this interface with carb::getCachedInterface() (Performance warning)
Authorization required, but no authorization protocol specified

Authorization required, but no authorization protocol specified

Authorization required, but no authorization protocol specified

Authorization required, but no authorization protocol specified

Authorization required, but no authorization protocol specified

Authorization required, but no authorization protocol specified

Authorization required, but no authorization protocol specified

Authorization required, but no authorization protocol specified

2026-06-03T03:00:04Z [630ms] [Error] [carb.glinterop.plugin] eglInitialize failed
2026-06-03T03:00:05Z [844ms] [Error] [gpu.foundation.plugin] Multiple Installable Client Drivers (ICDs) are found for the same GPU on the system. This causes the same GPU to be reported multiple times by more than one driver and leads to instability or crash. 
It requires multi-gpu mode to be disabled and the correct device with the correct driver to be set via activeGpu setting.
For NVIDIA drivers, please follow troubleshooting docs to uninstall and completely purge Linux-distribution-provided driver packages, and then reinstall your driver cleanly via .run package. Otherwise, updating Ubuntu software may reinstall a secondary ICD or override the existing NVIDIA driver.

To verify the proper NVIDIA driver installation, only one of the following icd.d folders should contain nvidia_icd.json file:
/etc/vulkan/icd.d: Location of ICDs installed from non-Linux-distribution-provided packages
/usr/share/vulkan/icd.d : Location of ICDs installed from Linux-distribution-provided packages
Authorization required, but no authorization protocol specified

cat: '/sys/devices/system/cpu/cpu*/cpufreq/scaling_governor': No such file or directory
Authorization required, but no authorization protocol specified

Authorization required, but no authorization protocol specified

Authorization required, but no authorization protocol specified

Authorization required, but no authorization protocol specified

Authorization required, but no authorization protocol specified

Authorization required, but no authorization protocol specified

Authorization required, but no authorization protocol specified

Authorization required, but no authorization protocol specified

xcb_connection_has_error() returned true
Authorization required, but no authorization protocol specified

xcb_connection_has_error() returned true
Authorization required, but no authorization protocol specified

xcb_connection_has_error() returned true
